[ molecule ]
ATP

[from]
charmm

[to]
martini3001

[ martini ]
BB SC1

[ mapping ]
charmm amber

[ atoms ]
    1    P1x    BB
    2    P2x    BB
    3    P3x    BB
    4    O1x   !BB
    5    O2x   SC1
    6    O3x   !SC1
    7    O4x   !SC1
    8    O5x  !SC1
    9    O6x   BB
   10    O7x   BB
   11    O8x   BB
   12    O9x   BB
   13    O10x   BB
   14    O11x   BB
   15    O12x   BB
   16    O13x   BB
   17    N1x   !BB
   18    N2x   !BB
   19    N3x   !BB
   20    N4x   !BB
   21    N5x   !BB
   22    C1x   !BB
   22    C2x   !BB
   23    C3x   !BB
   24    C4x   !BB
   25    C5x   !BB
   26    C6x   !BB
   27    C7x   !BB
   28    C8x   !BB
   29    C9x   !BB
   30    C10x   !BB
    4    H1x   !BB
    5    H2x   SC1
    6    H3x   !SC1
    7    H4x   !SC1
    8    H5x  !SC1
    9    H6x   BB
   10    H7x   BB
   11    H8x   BB
   12    H9x   BB
   13    H10x   BB
   14    H11x   BB
   15    H12x   BB
   16    H13x   BB
   16    H14x   BB
   16    H15x   BB
   16    H16x   BB

[ chiral ]
  CB     CA    N    C
  HB1    CA    N    C
  HB2    CA    N    C
  HB3    CA    N    C

[ chiral ]
  HA     CA    N    CB    C ; L-Ala
; HA     CA    N    C    CB ; D-Ala