[ molecule ]
LIB

[ from ]
amber charmm

[ to ]
martini3001

[ martini ]
  N01 N02 C03 N04 N05 N06 P07 N08 C09 C10 C11 C12 C13 C14 X15 C16 C17 C18 C19 C20

[ mapping ]
amber charmm

[ atoms ]
     1      C1     N01
     2      O3     N01
     3      N2     N02
     4     C11     N02
     5      S4     C03
     6     C13     C03
     7      C5     N04
     8      O7     N04
     9      N6     N05
    10      C8     N05
    11      N9     N06
    12     C39     N06
    13     O10     P07
    14     C25     P07
    15     N12     N08
    16     C36     N08
    17     C14     C09
    18     C15     C09
    19     C16     C10
    20     C21     C10
    21     C17     C11
    22     C22     C11
    23     C18     C12
    24     C20     C12
    25     C19     C13
    26     C26     C13
    27     C23     C14
    28     C31     C14
    29     C24     X15
    30     F40     X15
    31     C27     C16
    32     C28     C16
    33     C29     C17
    34     C32     C17
    35     C30     C18
    36     C35     C18
    37     C33     C19
    38     C37     C19
    39     C34     C20
    40     C38     C20

